// Jest Snapshot v1, https://goo.gl/fbAQLP

exports[`BoardColumnList should render a board with its name, two columns: one with three cards and one with single card 1`] = `
<div>
  <div
    class="sc-crHmcD kLlplC"
  >
    <div
      class="sc-iqseJM HVnhV"
    >
      <div
        class="sc-dkPtRN gUlzXt"
      >
        <div
          class="sc-hKwDye iYNrnp"
        >
          <h4
            class="sc-eCImPb gGbVhf"
          >
            column 1
          </h4>
          <button
            class="sc-bdvvtL boJPqq sc-jRQBWg ishcL"
          >
            boardColumn.addCard
          </button>
        </div>
        <div>
          <div
            class="sc-hKwDye LlHRG"
          >
            <div
              class="sc-gKclnd gRLptg"
            >
              card 1
            </div>
            <div
              class="sc-iCfMLu fAvEtc"
            >
              <span
                class="sc-furwcr haYLFa"
              />
              <span
                class="material-icons sc-pVTFL iBVHhh"
              >
                delete_forever
              </span>
            </div>
          </div>
          <div
            class="sc-hKwDye LlHRG"
          >
            <div
              class="sc-gKclnd gRLptg"
            >
              card 2
            </div>
            <div
              class="sc-iCfMLu fAvEtc"
            >
              <span
                class="sc-furwcr haYLFa"
              />
              <span
                class="material-icons sc-pVTFL iBVHhh"
              >
                delete_forever
              </span>
            </div>
          </div>
          <div
            class="sc-hKwDye LlHRG"
          >
            <div
              class="sc-gKclnd gRLptg"
            >
              card 3
            </div>
            <div
              class="sc-iCfMLu fAvEtc"
            >
              <span
                class="sc-furwcr haYLFa"
              />
              <span
                class="material-icons sc-pVTFL iBVHhh"
              >
                delete_forever
              </span>
            </div>
          </div>
        </div>
      </div>
      <div
        class="sc-dkPtRN gUlzXt"
      >
        <div
          class="sc-hKwDye iYNrnp"
        >
          <h4
            class="sc-eCImPb gGbVhf"
          >
            column 2
          </h4>
          <button
            class="sc-bdvvtL boJPqq sc-jRQBWg ishcL"
          >
            boardColumn.addCard
          </button>
        </div>
        <div>
          <div
            class="sc-hKwDye LlHRG"
          >
            <div
              class="sc-gKclnd gRLptg"
            >
              card 1
            </div>
            <div
              class="sc-iCfMLu fAvEtc"
            >
              <span
                class="sc-furwcr haYLFa"
              />
              <span
                class="material-icons sc-pVTFL iBVHhh"
              >
                delete_forever
              </span>
            </div>
          </div>
        </div>
      </div>
    </div>
  </div>
</div>
`;
