// Jest Snapshot v1, https://goo.gl/fbAQLP

exports[`Header should render Header 1`] = `
<div>
  <header
    class="sc-bdvvtL fFkdhI"
  >
    <div
      class="sc-gsDKAQ LTTzv"
    >
      <svg
        fill="none"
        height="24"
        viewBox="0 0 24 24"
        width="24"
        xmlns="http://www.w3.org/2000/svg"
      >
        <path
          d="M19 5V19H5V5H19ZM19 3H5C3.9 3 3 3.9 3 5V19C3 20.1 3.9 21 5 21H19C20.1 21 21 20.1 21 19V5C21 3.9 20.1 3 19 3ZM14.14 11.86L11.14 15.73L9 13.14L6 17H18L14.14 11.86Z"
          fill="black"
        />
      </svg>
      <p
        class="sc-dkPtRN dzbwyK"
      >
        My Retro Board
      </p>
    </div>
  </header>
</div>
`;
