// Jest Snapshot v1, https://goo.gl/fbAQLP

exports[`Icon renders correctly name props 1`] = `
<div>
  <span
    class="material-icons"
  >
    tag_faces
  </span>
</div>
`;
